[Export] Start: exporteer 2026-08-10 21:00 NL
[Export] 1014 events → hour_21.jsonl (2026-08-10 21:00 NL)
[Git] Push succesvol
[Export] Klaar
[Export] Start: exporteer 2026-08-10 22:00 NL
[Export] 453 events → hour_22.jsonl (2026-08-10 22:00 NL)
[Git] Push succesvol
[Export] Klaar
[Export] Start: exporteer 2026-08-10 23:00 NL
[Export] 2 events → hour_23.jsonl (2026-08-10 23:00 NL)
[Git] Push succesvol
[Export] Klaar
[Export] Start: exporteer 2026-08-11 00:00 NL
[Export] 314 events → hour_00.jsonl (2026-08-11 00:00 NL)
[Git] Push succesvol
[Export] Klaar
[Export] Start: exporteer 2026-08-11 01:00 NL
[Export] 790 events → hour_01.jsonl (2026-08-11 01:00 NL)
[Git] Push mislukt: remote: Invalid username or token. Password authentication is not supported for Git operations.
fatal: Authentication failed for 'https://github.com/roycroes74-boop/nexus-hourly-data.git/'

[Export] Klaar
[Export] Start: exporteer 2026-08-11 02:00 NL
[Export] 1664 events → hour_02.jsonl (2026-08-11 02:00 NL)
[Git] Push mislukt: remote: Invalid username or token. Password authentication is not supported for Git operations.
fatal: Authentication failed for 'https://github.com/roycroes74-boop/nexus-hourly-data.git/'

[Export] Klaar
[Export] Start: exporteer 2026-08-11 03:00 NL
[Export] 1491 events → hour_03.jsonl (2026-08-11 03:00 NL)
[Git] Push mislukt: remote: Invalid username or token. Password authentication is not supported for Git operations.
fatal: Authentication failed for 'https://github.com/roycroes74-boop/nexus-hourly-data.git/'

[Export] Klaar
[Export] Start: exporteer 2026-08-11 04:00 NL
[Export] 995 events → hour_04.jsonl (2026-08-11 04:00 NL)
[Git] Push mislukt: remote: Invalid username or token. Password authentication is not supported for Git operations.
fatal: Authentication failed for 'https://github.com/roycroes74-boop/nexus-hourly-data.git/'

[Export] Klaar
